app/csat/page.tsx(15,27): error TS2802: Type 'Set<string>' can only be iterated through when using the '--downlevelIteration' flag or with a '--target' of 'es2015' or higher.
app/esat/page.tsx(10,26): error TS2802: Type 'Set<string>' can only be iterated through when using the '--downlevelIteration' flag or with a '--target' of 'es2015' or higher.
app/esat/page.tsx(17,23): error TS2802: Type 'Set<string>' can only be iterated through when using the '--downlevelIteration' flag or with a '--target' of 'es2015' or higher.
app/page.tsx(38,26): error TS2802: Type 'Set<string>' can only be iterated through when using the '--downlevelIteration' flag or with a '--target' of 'es2015' or higher.
app/page.tsx(82,30): error TS2802: Type 'Set<string>' can only be iterated through when using the '--downlevelIteration' flag or with a '--target' of 'es2015' or higher.
app/skills/page.tsx(12,30): error TS2802: Type 'Set<string>' can only be iterated through when using the '--downlevelIteration' flag or with a '--target' of 'es2015' or higher.
app/skills/page.tsx(14,23): error TS2802: Type 'Set<string>' can only be iterated through when using the '--downlevelIteration' flag or with a '--target' of 'es2015' or higher.
components/esat/ESATClient.tsx(33,23): error TS2802: Type 'Set<string>' can only be iterated through when using the '--downlevelIteration' flag or with a '--target' of 'es2015' or higher.
components/innovations/InnovationsClient.tsx(30,23): error TS2802: Type 'Set<"AI" | "Automation" | "Framework" | "Research">' can only be iterated through when using the '--downlevelIteration' flag or with a '--target' of 'es2015' or higher.
components/innovations/InnovationsClient.tsx(31,26): error TS2802: Type 'Set<"Completed" | "Planning" | "In Progress" | "On Hold">' can only be iterated through when using the '--downlevelIteration' flag or with a '--target' of 'es2015' or higher.
components/resources/ResourcesClient.tsx(17,23): error TS2802: Type 'Set<string>' can only be iterated through when using the '--downlevelIteration' flag or with a '--target' of 'es2015' or higher.
components/skills/SkillsClient.tsx(21,23): error TS2802: Type 'Set<string>' can only be iterated through when using the '--downlevelIteration' flag or with a '--target' of 'es2015' or higher.
components/skills/SkillsClient.tsx(29,34): error TS2802: Type 'Set<string>' can only be iterated through when using the '--downlevelIteration' flag or with a '--target' of 'es2015' or higher.
